// Jest Snapshot v1, https://goo.gl/fbAQLP

exports[`<App /> should mount properly and play the audio 1`] = `
<App>
  <div
    className="App"
  >
    <RouteWrapper
      atActive={
        Object {
          "opacity": 1,
          "translateX": 0,
        }
      }
      atEnter={
        Object {
          "opacity": 0,
          "translateX": 10,
        }
      }
      atLeave={
        Object {
          "opacity": 0,
          "translateX": -10,
        }
      }
      className="switch-wrapper"
      mapStyles={[Function]}
    >
      <Route>
        <AnimatedSwitch
          atActive={
            Object {
              "opacity": 1,
              "translateX": 0,
            }
          }
          atEnter={
            Object {
              "opacity": 0,
              "translateX": 10,
            }
          }
          atLeave={
            Object {
              "opacity": 0,
              "translateX": -10,
            }
          }
          className="switch-wrapper"
          location={Object {}}
          mapStyles={[Function]}
        >
          <RouteTransition
            atActive={
              Object {
                "opacity": 1,
                "translateX": 0,
              }
            }
            atEnter={
              Object {
                "opacity": 0,
                "translateX": 10,
              }
            }
            atLeave={
              Object {
                "opacity": 0,
                "translateX": -10,
              }
            }
            className="switch-wrapper"
            mapStyles={[Function]}
            runOnMount={false}
            wrapperComponent="div"
          >
            <TransitionMotion
              defaultStyles={null}
              didLeave={[Function]}
              styles={
                Array [
                  Object {
                    "data": <Switch
                      location={Object {}}
                    >
                      <Route
                        component={[Function]}
                        exact={true}
                        path="/"
                      />
                      <Route
                        component={[Function]}
                        exact={true}
                        path="/create"
                      />
                      <Route
                        component={[Function]}
                        exact={true}
                        path="/game/:hash"
                      />
                      <Route
                        component={[Function]}
                      />
                    </Switch>,
                    "key": "",
                    "style": Object {
                      "opacity": Object {
                        "damping": 26,
                        "precision": 0.01,
                        "stiffness": 170,
                        "val": 1,
                      },
                      "translateX": Object {
                        "damping": 26,
                        "precision": 0.01,
                        "stiffness": 170,
                        "val": 0,
                      },
                    },
                  },
                ]
              }
              willEnter={[Function]}
              willLeave={[Function]}
            >
              <div
                className="switch-wrapper"
              >
                <div
                  key=""
                  style={
                    Object {
                      "opacity": 1,
                      "transform": "translateX(0%)",
                    }
                  }
                >
                  <Switch
                    key=""
                    location={Object {}}
                  >
                    <Route
                      component={[Function]}
                      computedMatch={Object {}}
                      location={Object {}}
                    >
                      <NotFound
                        history={
                          Object {
                            "action": "POP",
                            "block": [Function],
                            "createHref": [Function],
                            "go": [Function],
                            "goBack": [Function],
                            "goForward": [Function],
                            "length": 1,
                            "listen": [Function],
                            "location": Object {
                              "hash": "",
                              "pathname": "/",
                              "search": "",
                              "state": undefined,
                            },
                            "push": [Function],
                            "replace": [Function],
                          }
                        }
                        location={Object {}}
                        match={Object {}}
                      >
                        <h1>
                          Page not foud 
                          <span
                            aria-label="Neutral Face"
                            role="img"
                          >
                            üòê
                          </span>
                        </h1>
                      </NotFound>
                    </Route>
                  </Switch>
                </div>
              </div>
            </TransitionMotion>
          </RouteTransition>
        </AnimatedSwitch>
      </Route>
    </RouteWrapper>
    <div
      className="audio-controls"
    >
      <button
        aria-label="Sound"
        className="audio-controls__volume"
        onClick={[Function]}
        role="img"
      >
        <SoundOn>
          <svg
            version="1.1"
            viewBox="0 0 91 113.75"
            x="0px"
            y="0px"
          >
            <g
              fill="none"
              fillRule="evenodd"
              stroke="none"
              strokeWidth="1"
            >
              <path
                d="M22.6826,0.45508 L22.6826,7.95508 L30.1826,7.95508 L37.6826,7.95508 L45.1826,7.95508 L52.6826,7.95508 L60.1826,7.95508 L67.6826,7.95508 L67.6826,0.45508 L60.1826,0.45508 L52.6826,0.45508 L45.1826,0.45508 L37.6826,0.45508 L30.1826,0.45508 L22.6826,0.45508 L22.6826,0.45508 Z M67.6826,7.95508 L67.6826,15.45508 L75.1826,15.45508 L75.1826,7.95508 L67.6826,7.95508 L67.6826,7.95508 Z M75.1826,15.45508 L75.1826,22.95508 L82.6826,22.95508 L82.6826,15.45508 L75.1826,15.45508 L75.1826,15.45508 Z M82.6826,22.95508 L82.6826,30.45508 L82.6826,37.95508 L82.6826,45.45508 L82.6826,52.95508 L82.6826,60.45508 L82.6826,67.95508 L90.1826,67.95508 L90.1826,60.45508 L90.1826,52.95508 L90.1826,45.45508 L90.1826,37.95508 L90.1826,30.45508 L90.1826,22.95508 L82.6826,22.95508 L82.6826,22.95508 Z M82.6826,67.95508 L75.1826,67.95508 L75.1826,75.45508 L82.6826,75.45508 L82.6826,67.95508 L82.6826,67.95508 Z M75.1826,75.45508 L67.6826,75.45508 L67.6826,82.95508 L75.1826,82.95508 L75.1826,75.45508 L75.1826,75.45508 Z M67.6826,82.95508 L60.1826,82.95508 L52.6826,82.95508 L45.1826,82.95508 L37.6826,82.95508 L30.1826,82.95508 L22.6826,82.95508 L22.6826,90.45508 L30.1826,90.45508 L37.6826,90.45508 L45.1826,90.45508 L52.6826,90.45508 L60.1826,90.45508 L67.6826,90.45508 L67.6826,82.95508 L67.6826,82.95508 Z M22.6826,82.95508 L22.6826,75.45508 L15.1826,75.45508 L15.1826,82.95508 L22.6826,82.95508 L22.6826,82.95508 Z M15.1826,75.45508 L15.1826,67.95508 L7.6826,67.95508 L7.6826,75.45508 L15.1826,75.45508 L15.1826,75.45508 Z M7.6826,67.95508 L7.6826,60.45508 L7.6826,52.95508 L7.6826,45.45508 L7.6826,37.95508 L7.6826,30.45508 L7.6826,22.95508 L0.1826,22.95508 L0.1826,30.45508 L0.1826,37.95508 L0.1826,45.45508 L0.1826,52.95508 L0.1826,60.45508 L0.1826,67.95508 L7.6826,67.95508 L7.6826,67.95508 Z M7.6826,22.95508 L15.1826,22.95508 L15.1826,15.45508 L7.6826,15.45508 L7.6826,22.95508 L7.6826,22.95508 Z M15.1826,15.45508 L22.6826,15.45508 L22.6826,7.95508 L15.1826,7.95508 L15.1826,15.45508 L15.1826,15.45508 Z M52.6826,15.45508 L52.6826,22.95508 L60.1826,22.95508 L60.1826,15.45508 L52.6826,15.45508 L52.6826,15.45508 Z M60.1826,22.95508 L60.1826,30.45508 L67.6826,30.45508 L67.6826,22.95508 L60.1826,22.95508 L60.1826,22.95508 Z M67.6826,30.45508 L67.6826,37.95508 L67.6826,45.45508 L67.6826,52.95508 L67.6826,60.45508 L75.1826,60.45508 L75.1826,52.95508 L75.1826,45.45508 L75.1826,37.95508 L75.1826,30.45508 L67.6826,30.45508 L67.6826,30.45508 Z M67.6826,60.45508 L60.1826,60.45508 L60.1826,67.95508 L67.6826,67.95508 L67.6826,60.45508 L67.6826,60.45508 Z M60.1826,67.95508 L52.6826,67.95508 L52.6826,75.45508 L60.1826,75.45508 L60.1826,67.95508 L60.1826,67.95508 Z M30.1826,22.95508 L30.1826,30.45508 L22.6826,30.45508 L22.6826,37.95508 L15.1826,37.95508 L15.1826,45.45508 L15.1826,52.95508 L22.6826,52.95508 L22.6826,60.45508 L30.1826,60.45508 L30.1826,67.95508 L37.6826,67.95508 L37.6826,60.45508 L37.6826,52.95508 L37.6826,45.45508 L37.6826,37.95508 L37.6826,30.45508 L37.6826,22.95508 L30.1826,22.95508 L30.1826,22.95508 Z M45.1826,30.45508 L45.1826,37.95508 L52.6826,37.95508 L52.6826,30.45508 L45.1826,30.45508 L45.1826,30.45508 Z M52.6826,37.95508 L52.6826,45.45508 L52.6826,52.95508 L60.1826,52.95508 L60.1826,45.45508 L60.1826,37.95508 L52.6826,37.95508 L52.6826,37.95508 Z M52.6826,52.95508 L45.1826,52.95508 L45.1826,60.45508 L52.6826,60.45508 L52.6826,52.95508 L52.6826,52.95508 Z"
                fill="#000000"
              />
            </g>
          </svg>
        </SoundOn>
      </button>
    </div>
  </div>
</App>
`;
