// Jest Snapshot v1, https://goo.gl/fbAQLP

exports[`<RoundsSummary /> should mount properly (Win, Lose, Draw) 1`] = `
<div
  data-test="summary"
>
  <p
    className="single__play-summary-result"
  >
    <strong>
      0
    </strong>
  </p>
  <div
    className="single__play-results"
  >
    <div
      className="card single__play-result"
      key="round-0"
    >
      <h3>
        Round 
        1
      </h3>
      <span>
        <Win>
          <svg
            version="1.1"
            viewBox="0 0 91 113.75"
            x="0px"
            y="0px"
          >
            <g
              fill="none"
              fillRule="evenodd"
              stroke="none"
              strokeWidth="1"
            >
              <path
                d="M23.3022,0.5051 L23.3022,8.0051 L30.8022,8.0051 L38.3022,8.0051 L45.8022,8.0051 L53.3022,8.0051 L60.8022,8.0051 L68.3022,8.0051 L68.3022,0.5051 L60.8022,0.5051 L53.3022,0.5051 L45.8022,0.5051 L38.3022,0.5051 L30.8022,0.5051 L23.3022,0.5051 L23.3022,0.5051 Z M68.3022,8.0051 L68.3022,15.5051 L75.8022,15.5051 L75.8022,8.0051 L68.3022,8.0051 L68.3022,8.0051 Z M75.8022,15.5051 L75.8022,23.0051 L83.3022,23.0051 L83.3022,15.5051 L75.8022,15.5051 L75.8022,15.5051 Z M83.3022,23.0051 L83.3022,30.5051 L83.3022,38.0051 L83.3022,45.5051 L83.3022,53.0051 L83.3022,60.5051 L83.3022,68.0051 L90.8022,68.0051 L90.8022,60.5051 L90.8022,53.0051 L90.8022,45.5051 L90.8022,38.0051 L90.8022,30.5051 L90.8022,23.0051 L83.3022,23.0051 L83.3022,23.0051 Z M83.3022,68.0051 L75.8022,68.0051 L75.8022,75.5051 L83.3022,75.5051 L83.3022,68.0051 L83.3022,68.0051 Z M75.8022,75.5051 L68.3022,75.5051 L68.3022,83.0051 L75.8022,83.0051 L75.8022,75.5051 L75.8022,75.5051 Z M68.3022,83.0051 L60.8022,83.0051 L53.3022,83.0051 L45.8022,83.0051 L38.3022,83.0051 L30.8022,83.0051 L23.3022,83.0051 L23.3022,90.5051 L30.8022,90.5051 L38.3022,90.5051 L45.8022,90.5051 L53.3022,90.5051 L60.8022,90.5051 L68.3022,90.5051 L68.3022,83.0051 L68.3022,83.0051 Z M23.3022,83.0051 L23.3022,75.5051 L15.8022,75.5051 L15.8022,83.0051 L23.3022,83.0051 L23.3022,83.0051 Z M15.8022,75.5051 L15.8022,68.0051 L8.3022,68.0051 L8.3022,75.5051 L15.8022,75.5051 L15.8022,75.5051 Z M8.3022,68.0051 L8.3022,60.5051 L8.3022,53.0051 L8.3022,45.5051 L8.3022,38.0051 L8.3022,30.5051 L8.3022,23.0051 L0.8022,23.0051 L0.8022,30.5051 L0.8022,38.0051 L0.8022,45.5051 L0.8022,53.0051 L0.8022,60.5051 L0.8022,68.0051 L8.3022,68.0051 L8.3022,68.0051 Z M8.3022,23.0051 L15.8022,23.0051 L15.8022,15.5051 L8.3022,15.5051 L8.3022,23.0051 L8.3022,23.0051 Z M15.8022,15.5051 L23.3022,15.5051 L23.3022,8.0051 L15.8022,8.0051 L15.8022,15.5051 L15.8022,15.5051 Z M75.8022,23.0051 L68.3022,23.0051 L68.3022,30.5051 L60.8022,30.5051 L60.8022,38.0051 L53.3022,38.0051 L53.3022,45.5051 L45.8022,45.5051 L45.8022,53.0051 L38.3022,53.0051 L38.3022,45.5051 L30.8022,45.5051 L30.8022,38.0051 L23.3022,38.0051 L23.3022,45.5051 L23.3022,53.0051 L30.8022,53.0051 L30.8022,60.5051 L38.3022,60.5051 L38.3022,68.0051 L45.8022,68.0051 L45.8022,60.5051 L53.3022,60.5051 L53.3022,53.0051 L60.8022,53.0051 L60.8022,45.5051 L68.3022,45.5051 L68.3022,38.0051 L75.8022,38.0051 L75.8022,30.5051 L75.8022,23.0051 L75.8022,23.0051 Z"
                fill="#000000"
              />
            </g>
          </svg>
        </Win>
      </span>
    </div>
    <div
      className="card single__play-result"
      key="round-1"
    >
      <h3>
        Round 
        2
      </h3>
      <span>
        <Lose>
          <svg
            version="1.1"
            viewBox="0 0 91 113.75"
            x="0px"
            y="0px"
          >
            <g
              fill="none"
              fillRule="evenodd"
              stroke="none"
              strokeWidth="1"
            >
              <path
                d="M23.478,0.45508 L23.478,7.95508 L30.978,7.95508 L38.478,7.95508 L45.978,7.95508 L53.478,7.95508 L60.978,7.95508 L68.478,7.95508 L68.478,0.45508 L60.978,0.45508 L53.478,0.45508 L45.978,0.45508 L38.478,0.45508 L30.978,0.45508 L23.478,0.45508 L23.478,0.45508 Z M68.478,7.95508 L68.478,15.45508 L75.978,15.45508 L75.978,7.95508 L68.478,7.95508 L68.478,7.95508 Z M75.978,15.45508 L75.978,22.95508 L83.478,22.95508 L83.478,15.45508 L75.978,15.45508 L75.978,15.45508 Z M83.478,22.95508 L83.478,30.45508 L83.478,37.95508 L83.478,45.45508 L83.478,52.95508 L83.478,60.45508 L83.478,67.95508 L90.978,67.95508 L90.978,60.45508 L90.978,52.95508 L90.978,45.45508 L90.978,37.95508 L90.978,30.45508 L90.978,22.95508 L83.478,22.95508 L83.478,22.95508 Z M83.478,67.95508 L75.978,67.95508 L75.978,75.45508 L83.478,75.45508 L83.478,67.95508 L83.478,67.95508 Z M75.978,75.45508 L68.478,75.45508 L68.478,82.95508 L75.978,82.95508 L75.978,75.45508 L75.978,75.45508 Z M68.478,82.95508 L60.978,82.95508 L53.478,82.95508 L45.978,82.95508 L38.478,82.95508 L30.978,82.95508 L23.478,82.95508 L23.478,90.45508 L30.978,90.45508 L38.478,90.45508 L45.978,90.45508 L53.478,90.45508 L60.978,90.45508 L68.478,90.45508 L68.478,82.95508 L68.478,82.95508 Z M23.478,82.95508 L23.478,75.45508 L15.978,75.45508 L15.978,82.95508 L23.478,82.95508 L23.478,82.95508 Z M15.978,75.45508 L15.978,67.95508 L8.478,67.95508 L8.478,75.45508 L15.978,75.45508 L15.978,75.45508 Z M8.478,67.95508 L8.478,60.45508 L8.478,52.95508 L8.478,45.45508 L8.478,37.95508 L8.478,30.45508 L8.478,22.95508 L0.978,22.95508 L0.978,30.45508 L0.978,37.95508 L0.978,45.45508 L0.978,52.95508 L0.978,60.45508 L0.978,67.95508 L8.478,67.95508 L8.478,67.95508 Z M8.478,22.95508 L15.978,22.95508 L15.978,15.45508 L8.478,15.45508 L8.478,22.95508 L8.478,22.95508 Z M15.978,15.45508 L23.478,15.45508 L23.478,7.95508 L15.978,7.95508 L15.978,15.45508 L15.978,15.45508 Z M23.478,22.95508 L23.478,30.45508 L30.978,30.45508 L30.978,22.95508 L23.478,22.95508 L23.478,22.95508 Z M30.978,30.45508 L30.978,37.95508 L38.478,37.95508 L38.478,30.45508 L30.978,30.45508 L30.978,30.45508 Z M38.478,37.95508 L38.478,45.45508 L38.478,52.95508 L45.978,52.95508 L53.478,52.95508 L53.478,45.45508 L53.478,37.95508 L45.978,37.95508 L38.478,37.95508 L38.478,37.95508 Z M53.478,37.95508 L60.978,37.95508 L60.978,30.45508 L53.478,30.45508 L53.478,37.95508 L53.478,37.95508 Z M60.978,30.45508 L68.478,30.45508 L68.478,22.95508 L60.978,22.95508 L60.978,30.45508 L60.978,30.45508 Z M53.478,52.95508 L53.478,60.45508 L60.978,60.45508 L60.978,52.95508 L53.478,52.95508 L53.478,52.95508 Z M60.978,60.45508 L60.978,67.95508 L68.478,67.95508 L68.478,60.45508 L60.978,60.45508 L60.978,60.45508 Z M38.478,52.95508 L30.978,52.95508 L30.978,60.45508 L38.478,60.45508 L38.478,52.95508 L38.478,52.95508 Z M30.978,60.45508 L23.478,60.45508 L23.478,67.95508 L30.978,67.95508 L30.978,60.45508 L30.978,60.45508 Z"
                fill="#000000"
              />
            </g>
          </svg>
        </Lose>
      </span>
    </div>
    <div
      className="card single__play-result"
      key="round-2"
    >
      <h3>
        Round 
        3
      </h3>
      <span>
        <Draw>
          <svg
            version="1.1"
            viewBox="0 0 91 113.75"
            x="0px"
            y="0px"
          >
            <g
              fill="none"
              fillRule="evenodd"
              stroke="none"
              strokeWidth="1"
            >
              <path
                d="M22.8408,0.5051 L22.8408,8.0051 L30.3408,8.0051 L37.8408,8.0051 L45.3408,8.0051 L52.8408,8.0051 L60.3408,8.0051 L67.8408,8.0051 L67.8408,0.5051 L60.3408,0.5051 L52.8408,0.5051 L45.3408,0.5051 L37.8408,0.5051 L30.3408,0.5051 L22.8408,0.5051 L22.8408,0.5051 Z M67.8408,8.0051 L67.8408,15.5051 L75.3408,15.5051 L75.3408,8.0051 L67.8408,8.0051 L67.8408,8.0051 Z M75.3408,15.5051 L75.3408,23.0051 L82.8408,23.0051 L82.8408,15.5051 L75.3408,15.5051 L75.3408,15.5051 Z M82.8408,23.0051 L82.8408,30.5051 L82.8408,38.0051 L82.8408,45.5051 L82.8408,53.0051 L82.8408,60.5051 L82.8408,68.0051 L90.3408,68.0051 L90.3408,60.5051 L90.3408,53.0051 L90.3408,45.5051 L90.3408,38.0051 L90.3408,30.5051 L90.3408,23.0051 L82.8408,23.0051 L82.8408,23.0051 Z M82.8408,68.0051 L75.3408,68.0051 L75.3408,75.5051 L82.8408,75.5051 L82.8408,68.0051 L82.8408,68.0051 Z M75.3408,75.5051 L67.8408,75.5051 L67.8408,83.0051 L75.3408,83.0051 L75.3408,75.5051 L75.3408,75.5051 Z M67.8408,83.0051 L60.3408,83.0051 L52.8408,83.0051 L45.3408,83.0051 L37.8408,83.0051 L30.3408,83.0051 L22.8408,83.0051 L22.8408,90.5051 L30.3408,90.5051 L37.8408,90.5051 L45.3408,90.5051 L52.8408,90.5051 L60.3408,90.5051 L67.8408,90.5051 L67.8408,83.0051 L67.8408,83.0051 Z M22.8408,83.0051 L22.8408,75.5051 L15.3408,75.5051 L15.3408,83.0051 L22.8408,83.0051 L22.8408,83.0051 Z M15.3408,75.5051 L15.3408,68.0051 L7.8408,68.0051 L7.8408,75.5051 L15.3408,75.5051 L15.3408,75.5051 Z M7.8408,68.0051 L7.8408,60.5051 L7.8408,53.0051 L7.8408,45.5051 L7.8408,38.0051 L7.8408,30.5051 L7.8408,23.0051 L0.3408,23.0051 L0.3408,30.5051 L0.3408,38.0051 L0.3408,45.5051 L0.3408,53.0051 L0.3408,60.5051 L0.3408,68.0051 L7.8408,68.0051 L7.8408,68.0051 Z M7.8408,23.0051 L15.3408,23.0051 L15.3408,15.5051 L7.8408,15.5051 L7.8408,23.0051 L7.8408,23.0051 Z M15.3408,15.5051 L22.8408,15.5051 L22.8408,8.0051 L15.3408,8.0051 L15.3408,15.5051 L15.3408,15.5051 Z M30.3408,23.0051 L30.3408,30.5051 L37.8408,30.5051 L37.8408,23.0051 L30.3408,23.0051 L30.3408,23.0051 Z M30.3408,30.5051 L22.8408,30.5051 L22.8408,38.0051 L30.3408,38.0051 L30.3408,30.5051 L30.3408,30.5051 Z M22.8408,38.0051 L15.3408,38.0051 L15.3408,45.5051 L15.3408,53.0051 L22.8408,53.0051 L22.8408,45.5051 L22.8408,38.0051 L22.8408,38.0051 Z M22.8408,53.0051 L22.8408,60.5051 L30.3408,60.5051 L30.3408,53.0051 L22.8408,53.0051 L22.8408,53.0051 Z M30.3408,60.5051 L30.3408,68.0051 L37.8408,68.0051 L37.8408,60.5051 L30.3408,60.5051 L30.3408,60.5051 Z M52.8408,23.0051 L52.8408,30.5051 L60.3408,30.5051 L60.3408,23.0051 L52.8408,23.0051 L52.8408,23.0051 Z M60.3408,30.5051 L60.3408,38.0051 L67.8408,38.0051 L67.8408,30.5051 L60.3408,30.5051 L60.3408,30.5051 Z M67.8408,38.0051 L67.8408,45.5051 L67.8408,53.0051 L75.3408,53.0051 L75.3408,45.5051 L75.3408,38.0051 L67.8408,38.0051 L67.8408,38.0051 Z M67.8408,53.0051 L60.3408,53.0051 L60.3408,60.5051 L67.8408,60.5051 L67.8408,53.0051 L67.8408,53.0051 Z M60.3408,60.5051 L52.8408,60.5051 L52.8408,68.0051 L60.3408,68.0051 L60.3408,60.5051 L60.3408,60.5051 Z"
                fill="#000000"
              />
            </g>
          </svg>
        </Draw>
      </span>
    </div>
  </div>
</div>
`;
